16-Jun-2026 10:38:32.046 INFO [main] org.apache.catalina.core.ApplicationContext.log ContextListener: contextInitialized()
16-Jun-2026 10:38:32.046 INFO [main] org.apache.catalina.core.ApplicationContext.log SessionListener: contextInitialized()
16-Jun-2026 10:38:32.048 INFO [main] org.apache.catalina.core.ApplicationContext.log ContextListener: attributeAdded('StockTicker', 'async.Stockticker@6818d900')
16-Jun-2026 10:39:01.015 INFO [http-nio-8080-exec-11] org.apache.catalina.core.ApplicationContext.log Marking servlet [LoginServlet] as unavailable
16-Jun-2026 10:39:01.019 SEVERE [http-nio-8080-exec-11] org.apache.catalina.core.StandardWrapperValve.invoke Allocate exception for servlet [LoginServlet]
	java.lang.RuntimeException: Uncompilable code - cannot find symbol
  symbol: class WebServlet
		at com.mgps.servlet.LoginServlet.<clinit>(LoginServlet.java:1)
		at java.base/jdk.internal.misc.Unsafe.ensureClassInitialized0(Native Method)
		at java.base/jdk.internal.misc.Unsafe.ensureClassInitialized(Unsafe.java:1160)
		at java.base/jdk.internal.reflect.MethodHandleAccessorFactory.ensureClassInitialized(MethodHandleAccessorFactory.java:301)
		at java.base/jdk.internal.reflect.MethodHandleAccessorFactory.newConstructorAccessor(MethodHandleAccessorFactory.java:104)
		at java.base/jdk.internal.reflect.ReflectionFactory.newConstructorAccessor(ReflectionFactory.java:200)
		at java.base/java.lang.reflect.Constructor.acquireConstructorAccessor(Constructor.java:549)
		at java.base/java.lang.reflect.Constructor.newInstanceWithCaller(Constructor.java:499)
		at java.base/java.lang.reflect.Constructor.newInstance(Constructor.java:486)
		at org.apache.catalina.core.DefaultInstanceManager.newInstance(DefaultInstanceManager.java:143)
		at org.apache.catalina.core.StandardWrapper.loadServlet(StandardWrapper.java:900)
		at org.apache.catalina.core.StandardWrapper.allocate(StandardWrapper.java:661)
		at org.apache.catalina.core.StandardWrapperValve.invoke(StandardWrapperValve.java:114)
		at org.apache.catalina.core.StandardContextValve.invoke(StandardContextValve.java:88)
		at org.apache.catalina.authenticator.AuthenticatorBase.invoke(AuthenticatorBase.java:491)
		at org.apache.catalina.core.StandardHostValve.invoke(StandardHostValve.java:127)
		at org.apache.catalina.valves.ErrorReportValve.invoke(ErrorReportValve.java:83)
		at org.apache.catalina.valves.AbstractAccessLogValve.invoke(AbstractAccessLogValve.java:764)
		at org.apache.catalina.core.StandardEngineValve.invoke(StandardEngineValve.java:72)
		at org.apache.catalina.connector.CoyoteAdapter.service(CoyoteAdapter.java:344)
		at org.apache.coyote.http11.Http11Processor.service(Http11Processor.java:398)
		at org.apache.coyote.AbstractProcessorLight.process(AbstractProcessorLight.java:63)
		at org.apache.coyote.AbstractProtocol$ConnectionHandler.process(AbstractProtocol.java:1309)
		at org.apache.tomcat.util.net.NioEndpoint$SocketProcessor.doRun(NioEndpoint.java:1854)
		at org.apache.tomcat.util.net.SocketProcessorBase.run(SocketProcessorBase.java:52)
		at org.apache.tomcat.util.threads.ThreadPoolExecutor.runWorker(ThreadPoolExecutor.java:973)
		at org.apache.tomcat.util.threads.ThreadPoolExecutor$Worker.run(ThreadPoolExecutor.java:491)
		at org.apache.tomcat.util.threads.TaskThread$WrappingRunnable.run(TaskThread.java:63)
		at java.base/java.lang.Thread.run(Thread.java:1583)
16-Jun-2026 18:39:09.604 INFO [main] org.apache.catalina.core.ApplicationContext.log ContextListener: contextInitialized()
16-Jun-2026 18:39:09.604 INFO [main] org.apache.catalina.core.ApplicationContext.log SessionListener: contextInitialized()
16-Jun-2026 18:39:09.605 INFO [main] org.apache.catalina.core.ApplicationContext.log ContextListener: attributeAdded('StockTicker', 'async.Stockticker@359b650b')
16-Jun-2026 18:52:43.565 INFO [main] org.apache.catalina.core.ApplicationContext.log SessionListener: contextDestroyed()
16-Jun-2026 18:52:43.565 INFO [main] org.apache.catalina.core.ApplicationContext.log ContextListener: contextDestroyed()
