21-Jun-2026 13:54:56.947 INFO [main] org.apache.catalina.core.ApplicationContext.log ContextListener: contextInitialized()
21-Jun-2026 13:54:56.947 INFO [main] org.apache.catalina.core.ApplicationContext.log SessionListener: contextInitialized()
21-Jun-2026 13:54:56.950 INFO [main] org.apache.catalina.core.ApplicationContext.log ContextListener: attributeAdded('StockTicker', 'async.Stockticker@5411dd90')
21-Jun-2026 14:46:23.563 INFO [main] org.apache.catalina.core.ApplicationContext.log SessionListener: contextDestroyed()
21-Jun-2026 14:46:23.563 INFO [main] org.apache.catalina.core.ApplicationContext.log ContextListener: contextDestroyed()
21-Jun-2026 19:42:03.597 INFO [main] org.apache.catalina.core.ApplicationContext.log ContextListener: contextInitialized()
21-Jun-2026 19:42:03.597 INFO [main] org.apache.catalina.core.ApplicationContext.log SessionListener: contextInitialized()
21-Jun-2026 19:42:03.598 INFO [main] org.apache.catalina.core.ApplicationContext.log ContextListener: attributeAdded('StockTicker', 'async.Stockticker@6fd5717c')
21-Jun-2026 19:51:00.106 SEVERE [http-nio-8080-exec-21] org.apache.catalina.core.StandardWrapperValve.invoke Servlet.service() for servlet [jsp] in context with path [/MaterialGatePassSystem] threw exception [org.apache.jasper.JasperException: Unable to compile class for JSP: 

An error occurred at line: [81] in the generated java file: [C:\Users\rosha\Downloads\apache-tomcat-9.0.118-windows-x64\apache-tomcat-9.0.118\work\Catalina\localhost\MaterialGatePassSystem\org\apache\jsp\security\materialOut_jsp.java]
Syntax error, insert "}" to complete ClassBody

An error occurred at line: [321] in the generated java file: [C:\Users\rosha\Downloads\apache-tomcat-9.0.118-windows-x64\apache-tomcat-9.0.118\work\Catalina\localhost\MaterialGatePassSystem\org\apache\jsp\security\materialOut_jsp.java]
Syntax error, insert "}" to complete Block

An error occurred at line: [338] in the generated java file: [C:\Users\rosha\Downloads\apache-tomcat-9.0.118-windows-x64\apache-tomcat-9.0.118\work\Catalina\localhost\MaterialGatePassSystem\org\apache\jsp\security\materialOut_jsp.java]
Syntax error, insert "Finally" to complete TryStatement

Stacktrace:] with root cause
	org.apache.jasper.JasperException: Unable to compile class for JSP: 

An error occurred at line: [81] in the generated java file: [C:\Users\rosha\Downloads\apache-tomcat-9.0.118-windows-x64\apache-tomcat-9.0.118\work\Catalina\localhost\MaterialGatePassSystem\org\apache\jsp\security\materialOut_jsp.java]
Syntax error, insert "}" to complete ClassBody

An error occurred at line: [321] in the generated java file: [C:\Users\rosha\Downloads\apache-tomcat-9.0.118-windows-x64\apache-tomcat-9.0.118\work\Catalina\localhost\MaterialGatePassSystem\org\apache\jsp\security\materialOut_jsp.java]
Syntax error, insert "}" to complete Block

An error occurred at line: [338] in the generated java file: [C:\Users\rosha\Downloads\apache-tomcat-9.0.118-windows-x64\apache-tomcat-9.0.118\work\Catalina\localhost\MaterialGatePassSystem\org\apache\jsp\security\materialOut_jsp.java]
Syntax error, insert "Finally" to complete TryStatement

Stacktrace:
		at org.apache.jasper.compiler.DefaultErrorHandler.javacError(DefaultErrorHandler.java:70)
		at org.apache.jasper.compiler.ErrorDispatcher.javacError(ErrorDispatcher.java:189)
		at org.apache.jasper.compiler.JDTCompiler.generateClass(JDTCompiler.java:593)
		at org.apache.jasper.compiler.Compiler.compile(Compiler.java:366)
		at org.apache.jasper.compiler.Compiler.compile(Compiler.java:338)
		at org.apache.jasper.compiler.Compiler.compile(Compiler.java:324)
		at org.apache.jasper.JspCompilationContext.compile(JspCompilationContext.java:585)
		at org.apache.jasper.servlet.JspServletWrapper.service(JspServletWrapper.java:371)
		at org.apache.jasper.servlet.JspServlet.serviceJspFile(JspServlet.java:349)
		at org.apache.jasper.servlet.JspServlet.service(JspServlet.java:300)
		at javax.servlet.http.HttpServlet.service(HttpServlet.java:623)
		at org.apache.catalina.core.ApplicationFilterChain.internalDoFilter(ApplicationFilterChain.java:197)
		at org.apache.catalina.core.ApplicationFilterChain.doFilter(ApplicationFilterChain.java:142)
		at org.apache.tomcat.websocket.server.WsFilter.doFilter(WsFilter.java:51)
		at org.apache.catalina.core.ApplicationFilterChain.internalDoFilter(ApplicationFilterChain.java:166)
		at org.apache.catalina.core.ApplicationFilterChain.doFilter(ApplicationFilterChain.java:142)
		at org.apache.catalina.core.StandardWrapperValve.invoke(StandardWrapperValve.java:166)
		at org.apache.catalina.core.StandardContextValve.invoke(StandardContextValve.java:88)
		at org.apache.catalina.authenticator.AuthenticatorBase.invoke(AuthenticatorBase.java:491)
		at org.apache.catalina.core.StandardHostValve.invoke(StandardHostValve.java:127)
		at org.apache.catalina.valves.ErrorReportValve.invoke(ErrorReportValve.java:83)
		at org.apache.catalina.valves.AbstractAccessLogValve.invoke(AbstractAccessLogValve.java:764)
		at org.apache.catalina.core.StandardEngineValve.invoke(StandardEngineValve.java:72)
		at org.apache.catalina.connector.CoyoteAdapter.service(CoyoteAdapter.java:344)
		at org.apache.coyote.http11.Http11Processor.service(Http11Processor.java:398)
		at org.apache.coyote.AbstractProcessorLight.process(AbstractProcessorLight.java:63)
		at org.apache.coyote.AbstractProtocol$ConnectionHandler.process(AbstractProtocol.java:1309)
		at org.apache.tomcat.util.net.NioEndpoint$SocketProcessor.doRun(NioEndpoint.java:1854)
		at org.apache.tomcat.util.net.SocketProcessorBase.run(SocketProcessorBase.java:52)
		at org.apache.tomcat.util.threads.ThreadPoolExecutor.runWorker(ThreadPoolExecutor.java:973)
		at org.apache.tomcat.util.threads.ThreadPoolExecutor$Worker.run(ThreadPoolExecutor.java:491)
		at org.apache.tomcat.util.threads.TaskThread$WrappingRunnable.run(TaskThread.java:63)
		at java.base/java.lang.Thread.run(Thread.java:1583)
21-Jun-2026 19:51:42.682 SEVERE [http-nio-8080-exec-24] org.apache.catalina.core.StandardWrapperValve.invoke Servlet.service() for servlet [jsp] in context with path [/MaterialGatePassSystem] threw exception [org.apache.jasper.JasperException: Unable to compile class for JSP: 

An error occurred at line: [81] in the generated java file: [C:\Users\rosha\Downloads\apache-tomcat-9.0.118-windows-x64\apache-tomcat-9.0.118\work\Catalina\localhost\MaterialGatePassSystem\org\apache\jsp\security\materialOut_jsp.java]
Syntax error, insert "}" to complete ClassBody

An error occurred at line: [321] in the generated java file: [C:\Users\rosha\Downloads\apache-tomcat-9.0.118-windows-x64\apache-tomcat-9.0.118\work\Catalina\localhost\MaterialGatePassSystem\org\apache\jsp\security\materialOut_jsp.java]
Syntax error, insert "}" to complete Block

An error occurred at line: [338] in the generated java file: [C:\Users\rosha\Downloads\apache-tomcat-9.0.118-windows-x64\apache-tomcat-9.0.118\work\Catalina\localhost\MaterialGatePassSystem\org\apache\jsp\security\materialOut_jsp.java]
Syntax error, insert "Finally" to complete TryStatement

Stacktrace:] with root cause
	org.apache.jasper.JasperException: Unable to compile class for JSP: 

An error occurred at line: [81] in the generated java file: [C:\Users\rosha\Downloads\apache-tomcat-9.0.118-windows-x64\apache-tomcat-9.0.118\work\Catalina\localhost\MaterialGatePassSystem\org\apache\jsp\security\materialOut_jsp.java]
Syntax error, insert "}" to complete ClassBody

An error occurred at line: [321] in the generated java file: [C:\Users\rosha\Downloads\apache-tomcat-9.0.118-windows-x64\apache-tomcat-9.0.118\work\Catalina\localhost\MaterialGatePassSystem\org\apache\jsp\security\materialOut_jsp.java]
Syntax error, insert "}" to complete Block

An error occurred at line: [338] in the generated java file: [C:\Users\rosha\Downloads\apache-tomcat-9.0.118-windows-x64\apache-tomcat-9.0.118\work\Catalina\localhost\MaterialGatePassSystem\org\apache\jsp\security\materialOut_jsp.java]
Syntax error, insert "Finally" to complete TryStatement

Stacktrace:
		at org.apache.jasper.compiler.DefaultErrorHandler.javacError(DefaultErrorHandler.java:70)
		at org.apache.jasper.compiler.ErrorDispatcher.javacError(ErrorDispatcher.java:189)
		at org.apache.jasper.compiler.JDTCompiler.generateClass(JDTCompiler.java:593)
		at org.apache.jasper.compiler.Compiler.compile(Compiler.java:366)
		at org.apache.jasper.compiler.Compiler.compile(Compiler.java:338)
		at org.apache.jasper.compiler.Compiler.compile(Compiler.java:324)
		at org.apache.jasper.JspCompilationContext.compile(JspCompilationContext.java:585)
		at org.apache.jasper.servlet.JspServletWrapper.service(JspServletWrapper.java:371)
		at org.apache.jasper.servlet.JspServlet.serviceJspFile(JspServlet.java:349)
		at org.apache.jasper.servlet.JspServlet.service(JspServlet.java:300)
		at javax.servlet.http.HttpServlet.service(HttpServlet.java:623)
		at org.apache.catalina.core.ApplicationFilterChain.internalDoFilter(ApplicationFilterChain.java:197)
		at org.apache.catalina.core.ApplicationFilterChain.doFilter(ApplicationFilterChain.java:142)
		at org.apache.tomcat.websocket.server.WsFilter.doFilter(WsFilter.java:51)
		at org.apache.catalina.core.ApplicationFilterChain.internalDoFilter(ApplicationFilterChain.java:166)
		at org.apache.catalina.core.ApplicationFilterChain.doFilter(ApplicationFilterChain.java:142)
		at org.apache.catalina.core.StandardWrapperValve.invoke(StandardWrapperValve.java:166)
		at org.apache.catalina.core.StandardContextValve.invoke(StandardContextValve.java:88)
		at org.apache.catalina.authenticator.AuthenticatorBase.invoke(AuthenticatorBase.java:491)
		at org.apache.catalina.core.StandardHostValve.invoke(StandardHostValve.java:127)
		at org.apache.catalina.valves.ErrorReportValve.invoke(ErrorReportValve.java:83)
		at org.apache.catalina.valves.AbstractAccessLogValve.invoke(AbstractAccessLogValve.java:764)
		at org.apache.catalina.core.StandardEngineValve.invoke(StandardEngineValve.java:72)
		at org.apache.catalina.connector.CoyoteAdapter.service(CoyoteAdapter.java:344)
		at org.apache.coyote.http11.Http11Processor.service(Http11Processor.java:398)
		at org.apache.coyote.AbstractProcessorLight.process(AbstractProcessorLight.java:63)
		at org.apache.coyote.AbstractProtocol$ConnectionHandler.process(AbstractProtocol.java:1309)
		at org.apache.tomcat.util.net.NioEndpoint$SocketProcessor.doRun(NioEndpoint.java:1854)
		at org.apache.tomcat.util.net.SocketProcessorBase.run(SocketProcessorBase.java:52)
		at org.apache.tomcat.util.threads.ThreadPoolExecutor.runWorker(ThreadPoolExecutor.java:973)
		at org.apache.tomcat.util.threads.ThreadPoolExecutor$Worker.run(ThreadPoolExecutor.java:491)
		at org.apache.tomcat.util.threads.TaskThread$WrappingRunnable.run(TaskThread.java:63)
		at java.base/java.lang.Thread.run(Thread.java:1583)
21-Jun-2026 21:05:47.262 INFO [main] org.apache.catalina.core.ApplicationContext.log SessionListener: contextDestroyed()
21-Jun-2026 21:05:47.262 INFO [main] org.apache.catalina.core.ApplicationContext.log ContextListener: contextDestroyed()
21-Jun-2026 21:39:13.771 INFO [main] org.apache.catalina.core.ApplicationContext.log ContextListener: contextInitialized()
21-Jun-2026 21:39:13.771 INFO [main] org.apache.catalina.core.ApplicationContext.log SessionListener: contextInitialized()
21-Jun-2026 21:39:13.774 INFO [main] org.apache.catalina.core.ApplicationContext.log ContextListener: attributeAdded('StockTicker', 'async.Stockticker@3fae596')
21-Jun-2026 23:52:35.573 INFO [main] org.apache.catalina.core.ApplicationContext.log SessionListener: contextDestroyed()
21-Jun-2026 23:52:35.573 INFO [main] org.apache.catalina.core.ApplicationContext.log ContextListener: contextDestroyed()
